[I 2024-11-08 05:42:02,884] A new study created in RDB with name: Robert_Truncated_New_10000
[I 2024-11-08 05:42:02,922] A new study created in RDB with name: Robert_Truncated_New_biggerproj
[I 2024-11-08 05:42:03,020] A new study created in RDB with name: Robert_Truncated_New_2000
[I 2024-11-08 05:42:03,051] Using an existing study with name 'Robert_Truncated_New' instead of creating a new one.
/global/u1/r/rgeorge/repo/neuraloperator/examples/Optuna_Training3.py:59: DeprecationWarning: __array_wrap__ must accept context and return_scalar arguments (positionally) in the future. (Deprecated NumPy 2.0)
  input_data[:, 3+6*i, :] = poling_region_length.repeat(num,1).permute(1,0)  * np.cos((i+1)*t).repeat(samples,1)
/global/u1/r/rgeorge/repo/neuraloperator/examples/Optuna_Training3.py:60: DeprecationWarning: __array_wrap__ must accept context and return_scalar arguments (positionally) in the future. (Deprecated NumPy 2.0)
  input_data[:, 4+6*i, :] = poling_region_length.repeat(num,1).permute(1,0)  * np.sin((i+1)*t).repeat(samples,1)
/global/u1/r/rgeorge/repo/neuraloperator/examples/Optuna_Training3.py:61: DeprecationWarning: __array_wrap__ must accept context and return_scalar arguments (positionally) in the future. (Deprecated NumPy 2.0)
  input_data[:, 5+6*i, :] = poling_period_mismatch.repeat(num,1).permute(1,0) * np.cos((i+1)*t).repeat(samples,1)
/global/u1/r/rgeorge/repo/neuraloperator/examples/Optuna_Training3.py:62: DeprecationWarning: __array_wrap__ must accept context and return_scalar arguments (positionally) in the future. (Deprecated NumPy 2.0)
  input_data[:, 6+6*i, :] = poling_period_mismatch.repeat(num,1).permute(1,0) * np.sin((i+1)*t).repeat(samples,1)
/global/u1/r/rgeorge/repo/neuraloperator/examples/Optuna_Training3.py:63: DeprecationWarning: __array_wrap__ must accept context and return_scalar arguments (positionally) in the future. (Deprecated NumPy 2.0)
  input_data[:, 7+6*i, :] = pump_energy.repeat(num,1).permute(1,0) * np.cos((i+1)*t).repeat(samples,1)
/global/u1/r/rgeorge/repo/neuraloperator/examples/Optuna_Training3.py:64: DeprecationWarning: __array_wrap__ must accept context and return_scalar arguments (positionally) in the future. (Deprecated NumPy 2.0)
  input_data[:, 8+6*i, :] = pump_energy.repeat(num,1).permute(1,0) * np.sin((i+1)*t).repeat(samples,1)
/global/u1/r/rgeorge/repo/neuraloperator/examples/Optuna_Training1.py:59: DeprecationWarning: __array_wrap__ must accept context and return_scalar arguments (positionally) in the future. (Deprecated NumPy 2.0)
  input_data[:, 3+6*i, :] = poling_region_length.repeat(num,1).permute(1,0)  * np.cos((i+1)*t).repeat(samples,1)
/global/u1/r/rgeorge/repo/neuraloperator/examples/Optuna_Training1.py:60: DeprecationWarning: __array_wrap__ must accept context and return_scalar arguments (positionally) in the future. (Deprecated NumPy 2.0)
  input_data[:, 4+6*i, :] = poling_region_length.repeat(num,1).permute(1,0)  * np.sin((i+1)*t).repeat(samples,1)
/global/u1/r/rgeorge/repo/neuraloperator/examples/Optuna_Training1.py:61: DeprecationWarning: __array_wrap__ must accept context and return_scalar arguments (positionally) in the future. (Deprecated NumPy 2.0)
  input_data[:, 5+6*i, :] = poling_period_mismatch.repeat(num,1).permute(1,0) * np.cos((i+1)*t).repeat(samples,1)
/global/u1/r/rgeorge/repo/neuraloperator/examples/Optuna_Training1.py:62: DeprecationWarning: __array_wrap__ must accept context and return_scalar arguments (positionally) in the future. (Deprecated NumPy 2.0)
  input_data[:, 6+6*i, :] = poling_period_mismatch.repeat(num,1).permute(1,0) * np.sin((i+1)*t).repeat(samples,1)
/global/u1/r/rgeorge/repo/neuraloperator/examples/Optuna_Training1.py:63: DeprecationWarning: __array_wrap__ must accept context and return_scalar arguments (positionally) in the future. (Deprecated NumPy 2.0)
  input_data[:, 7+6*i, :] = pump_energy.repeat(num,1).permute(1,0) * np.cos((i+1)*t).repeat(samples,1)
/global/u1/r/rgeorge/repo/neuraloperator/examples/Optuna_Training1.py:64: DeprecationWarning: __array_wrap__ must accept context and return_scalar arguments (positionally) in the future. (Deprecated NumPy 2.0)
  input_data[:, 8+6*i, :] = pump_energy.repeat(num,1).permute(1,0) * np.sin((i+1)*t).repeat(samples,1)
[I 2024-11-08 05:42:53,576] Trial 0 finished with value: 10.0 and parameters: {'abs_or_rel': 'rel', 'loss_type': 'L2', 'n_layers': 10, 'batch_size': 64, 'weight_decay_power': 7, 'lr_val': 0.0004, 'use_embeddings': True, 'embed_d': 2, 'patience': 11}. Best is trial 0 with value: 10.0.
/global/u1/r/rgeorge/repo/neuraloperator/examples/Optuna_Training1.py:59: DeprecationWarning: __array_wrap__ must accept context and return_scalar arguments (positionally) in the future. (Deprecated NumPy 2.0)
  input_data[:, 3+6*i, :] = poling_region_length.repeat(num,1).permute(1,0)  * np.cos((i+1)*t).repeat(samples,1)
/global/u1/r/rgeorge/repo/neuraloperator/examples/Optuna_Training1.py:60: DeprecationWarning: __array_wrap__ must accept context and return_scalar arguments (positionally) in the future. (Deprecated NumPy 2.0)
  input_data[:, 4+6*i, :] = poling_region_length.repeat(num,1).permute(1,0)  * np.sin((i+1)*t).repeat(samples,1)
/global/u1/r/rgeorge/repo/neuraloperator/examples/Optuna_Training1.py:61: DeprecationWarning: __array_wrap__ must accept context and return_scalar arguments (positionally) in the future. (Deprecated NumPy 2.0)
  input_data[:, 5+6*i, :] = poling_period_mismatch.repeat(num,1).permute(1,0) * np.cos((i+1)*t).repeat(samples,1)
/global/u1/r/rgeorge/repo/neuraloperator/examples/Optuna_Training1.py:62: DeprecationWarning: __array_wrap__ must accept context and return_scalar arguments (positionally) in the future. (Deprecated NumPy 2.0)
  input_data[:, 6+6*i, :] = poling_period_mismatch.repeat(num,1).permute(1,0) * np.sin((i+1)*t).repeat(samples,1)
/global/u1/r/rgeorge/repo/neuraloperator/examples/Optuna_Training1.py:63: DeprecationWarning: __array_wrap__ must accept context and return_scalar arguments (positionally) in the future. (Deprecated NumPy 2.0)
  input_data[:, 7+6*i, :] = pump_energy.repeat(num,1).permute(1,0) * np.cos((i+1)*t).repeat(samples,1)
/global/u1/r/rgeorge/repo/neuraloperator/examples/Optuna_Training1.py:64: DeprecationWarning: __array_wrap__ must accept context and return_scalar arguments (positionally) in the future. (Deprecated NumPy 2.0)
  input_data[:, 8+6*i, :] = pump_energy.repeat(num,1).permute(1,0) * np.sin((i+1)*t).repeat(samples,1)
[I 2024-11-08 05:44:14,111] Trial 0 finished with value: 10.0 and parameters: {'abs_or_rel': 'rel', 'loss_type': 'H1', 'n_layers': 8, 'batch_size': 32, 'weight_decay_power': 6, 'lr_val': 0.0007, 'use_embeddings': False, 'patience': 24}. Best is trial 0 with value: 10.0.
[I 2024-11-08 05:44:19,072] Trial 0 finished with value: 10.0 and parameters: {'abs_or_rel': 'rel', 'loss_type': 'H1', 'n_layers': 15, 'batch_size': 16, 'weight_decay_power': 7, 'lr_val': 0.0005, 'use_embeddings': False, 'patience': 18}. Best is trial 0 with value: 10.0.
[I 2024-11-08 05:44:43,682] Trial 1 finished with value: 10.0 and parameters: {'abs_or_rel': 'rel', 'loss_type': 'L2', 'n_layers': 12, 'batch_size': 16, 'weight_decay_power': 8, 'lr_val': 0.0002, 'use_embeddings': True, 'embed_d': 24, 'patience': 13}. Best is trial 0 with value: 10.0.
[I 2024-11-08 05:45:12,498] Trial 1 finished with value: 10.0 and parameters: {'abs_or_rel': 'abs', 'loss_type': 'H1', 'n_layers': 16, 'batch_size': 256, 'weight_decay_power': 7, 'lr_val': 0.0008, 'use_embeddings': False, 'patience': 16}. Best is trial 0 with value: 10.0.
/global/u1/r/rgeorge/repo/neuraloperator/examples/Optuna_Training.py:59: DeprecationWarning: __array_wrap__ must accept context and return_scalar arguments (positionally) in the future. (Deprecated NumPy 2.0)
  input_data[:, 3+6*i, :] = poling_region_length.repeat(num,1).permute(1,0)  * np.cos((i+1)*t).repeat(samples,1)
/global/u1/r/rgeorge/repo/neuraloperator/examples/Optuna_Training.py:60: DeprecationWarning: __array_wrap__ must accept context and return_scalar arguments (positionally) in the future. (Deprecated NumPy 2.0)
  input_data[:, 4+6*i, :] = poling_region_length.repeat(num,1).permute(1,0)  * np.sin((i+1)*t).repeat(samples,1)
/global/u1/r/rgeorge/repo/neuraloperator/examples/Optuna_Training.py:61: DeprecationWarning: __array_wrap__ must accept context and return_scalar arguments (positionally) in the future. (Deprecated NumPy 2.0)
  input_data[:, 5+6*i, :] = poling_period_mismatch.repeat(num,1).permute(1,0) * np.cos((i+1)*t).repeat(samples,1)
/global/u1/r/rgeorge/repo/neuraloperator/examples/Optuna_Training.py:62: DeprecationWarning: __array_wrap__ must accept context and return_scalar arguments (positionally) in the future. (Deprecated NumPy 2.0)
  input_data[:, 6+6*i, :] = poling_period_mismatch.repeat(num,1).permute(1,0) * np.sin((i+1)*t).repeat(samples,1)
/global/u1/r/rgeorge/repo/neuraloperator/examples/Optuna_Training.py:63: DeprecationWarning: __array_wrap__ must accept context and return_scalar arguments (positionally) in the future. (Deprecated NumPy 2.0)
  input_data[:, 7+6*i, :] = pump_energy.repeat(num,1).permute(1,0) * np.cos((i+1)*t).repeat(samples,1)
/global/u1/r/rgeorge/repo/neuraloperator/examples/Optuna_Training.py:64: DeprecationWarning: __array_wrap__ must accept context and return_scalar arguments (positionally) in the future. (Deprecated NumPy 2.0)
  input_data[:, 8+6*i, :] = pump_energy.repeat(num,1).permute(1,0) * np.sin((i+1)*t).repeat(samples,1)
[I 2024-11-08 05:45:53,782] Trial 2 finished with value: 10.0 and parameters: {'abs_or_rel': 'rel', 'loss_type': 'L2', 'n_layers': 11, 'batch_size': 128, 'weight_decay_power': 7, 'lr_val': 0.0007, 'use_embeddings': True, 'embed_d': 4, 'patience': 22}. Best is trial 0 with value: 10.0.
[I 2024-11-08 05:46:02,897] Trial 2 finished with value: 10.0 and parameters: {'abs_or_rel': 'rel', 'loss_type': 'L2', 'n_layers': 14, 'batch_size': 32, 'weight_decay_power': 3, 'lr_val': 0.0001, 'use_embeddings': False, 'patience': 22}. Best is trial 0 with value: 10.0.
[I 2024-11-08 05:46:43,367] Trial 3 finished with value: 10.0 and parameters: {'abs_or_rel': 'abs', 'loss_type': 'L2', 'n_layers': 15, 'batch_size': 256, 'weight_decay_power': 7, 'lr_val': 0.0008, 'use_embeddings': False, 'patience': 12}. Best is trial 0 with value: 10.0.
[I 2024-11-08 05:46:50,108] Trial 1 finished with value: 10.0 and parameters: {'abs_or_rel': 'abs', 'loss_type': 'L2', 'n_layers': 10, 'batch_size': 32, 'weight_decay_power': 4, 'lr_val': 0.0008, 'use_embeddings': False, 'patience': 10}. Best is trial 0 with value: 10.0.
/global/u1/r/rgeorge/repo/neuraloperator/examples/Optuna_Training2.py:59: DeprecationWarning: __array_wrap__ must accept context and return_scalar arguments (positionally) in the future. (Deprecated NumPy 2.0)
  input_data[:, 3+6*i, :] = poling_region_length.repeat(num,1).permute(1,0)  * np.cos((i+1)*t).repeat(samples,1)
/global/u1/r/rgeorge/repo/neuraloperator/examples/Optuna_Training2.py:60: DeprecationWarning: __array_wrap__ must accept context and return_scalar arguments (positionally) in the future. (Deprecated NumPy 2.0)
  input_data[:, 4+6*i, :] = poling_region_length.repeat(num,1).permute(1,0)  * np.sin((i+1)*t).repeat(samples,1)
/global/u1/r/rgeorge/repo/neuraloperator/examples/Optuna_Training2.py:61: DeprecationWarning: __array_wrap__ must accept context and return_scalar arguments (positionally) in the future. (Deprecated NumPy 2.0)
  input_data[:, 5+6*i, :] = poling_period_mismatch.repeat(num,1).permute(1,0) * np.cos((i+1)*t).repeat(samples,1)
/global/u1/r/rgeorge/repo/neuraloperator/examples/Optuna_Training2.py:62: DeprecationWarning: __array_wrap__ must accept context and return_scalar arguments (positionally) in the future. (Deprecated NumPy 2.0)
  input_data[:, 6+6*i, :] = poling_period_mismatch.repeat(num,1).permute(1,0) * np.sin((i+1)*t).repeat(samples,1)
/global/u1/r/rgeorge/repo/neuraloperator/examples/Optuna_Training2.py:63: DeprecationWarning: __array_wrap__ must accept context and return_scalar arguments (positionally) in the future. (Deprecated NumPy 2.0)
  input_data[:, 7+6*i, :] = pump_energy.repeat(num,1).permute(1,0) * np.cos((i+1)*t).repeat(samples,1)
/global/u1/r/rgeorge/repo/neuraloperator/examples/Optuna_Training2.py:64: DeprecationWarning: __array_wrap__ must accept context and return_scalar arguments (positionally) in the future. (Deprecated NumPy 2.0)
  input_data[:, 8+6*i, :] = pump_energy.repeat(num,1).permute(1,0) * np.sin((i+1)*t).repeat(samples,1)
[I 2024-11-08 05:46:50,977] Trial 3 finished with value: 10.0 and parameters: {'abs_or_rel': 'abs', 'loss_type': 'L2', 'n_layers': 8, 'batch_size': 32, 'weight_decay_power': 3, 'lr_val': 0.0005, 'use_embeddings': False, 'patience': 18}. Best is trial 0 with value: 10.0.
[I 2024-11-08 05:47:22,771] Trial 4 finished with value: 10.0 and parameters: {'abs_or_rel': 'abs', 'loss_type': 'L2', 'n_layers': 8, 'batch_size': 128, 'weight_decay_power': 6, 'lr_val': 0.0007, 'use_embeddings': True, 'embed_d': 6, 'patience': 22}. Best is trial 0 with value: 10.0.
[I 2024-11-08 05:47:42,266] Trial 4 finished with value: 10.0 and parameters: {'abs_or_rel': 'abs', 'loss_type': 'L2', 'n_layers': 10, 'batch_size': 32, 'weight_decay_power': 6, 'lr_val': 0.0002, 'use_embeddings': False, 'patience': 16}. Best is trial 0 with value: 10.0.
[I 2024-11-08 05:48:12,698] Trial 5 finished with value: 10.0 and parameters: {'abs_or_rel': 'abs', 'loss_type': 'H1', 'n_layers': 11, 'batch_size': 64, 'weight_decay_power': 3, 'lr_val': 0.0008, 'use_embeddings': False, 'patience': 15}. Best is trial 0 with value: 10.0.
[I 2024-11-08 05:49:02,222] Trial 5 finished with value: 10.0 and parameters: {'abs_or_rel': 'abs', 'loss_type': 'H1', 'n_layers': 14, 'batch_size': 32, 'weight_decay_power': 6, 'lr_val': 0.0006, 'use_embeddings': False, 'patience': 20}. Best is trial 0 with value: 10.0.
[I 2024-11-08 05:49:27,684] Trial 6 finished with value: 10.0 and parameters: {'abs_or_rel': 'abs', 'loss_type': 'L2', 'n_layers': 8, 'batch_size': 16, 'weight_decay_power': 7, 'lr_val': 0.0003, 'use_embeddings': False, 'patience': 14}. Best is trial 0 with value: 10.0.
[I 2024-11-08 05:49:53,863] Trial 6 finished with value: 10.0 and parameters: {'abs_or_rel': 'rel', 'loss_type': 'L2', 'n_layers': 12, 'batch_size': 128, 'weight_decay_power': 2, 'lr_val': 0.0002, 'use_embeddings': True, 'embed_d': 26, 'patience': 17}. Best is trial 0 with value: 10.0.
[I 2024-11-08 05:50:03,897] Trial 7 finished with value: 10.0 and parameters: {'abs_or_rel': 'abs', 'loss_type': 'L2', 'n_layers': 8, 'batch_size': 128, 'weight_decay_power': 4, 'lr_val': 8e-05, 'use_embeddings': True, 'embed_d': 12, 'patience': 17}. Best is trial 0 with value: 10.0.
[I 2024-11-08 05:50:16,451] Trial 2 finished with value: 10.0 and parameters: {'abs_or_rel': 'abs', 'loss_type': 'H1', 'n_layers': 8, 'batch_size': 16, 'weight_decay_power': 8, 'lr_val': 0.0003, 'use_embeddings': True, 'embed_d': 19, 'patience': 17}. Best is trial 0 with value: 10.0.
[I 2024-11-08 05:50:45,046] Trial 7 finished with value: 10.0 and parameters: {'abs_or_rel': 'abs', 'loss_type': 'L2', 'n_layers': 14, 'batch_size': 128, 'weight_decay_power': 3, 'lr_val': 0.0008, 'use_embeddings': False, 'patience': 10}. Best is trial 0 with value: 10.0.
[I 2024-11-08 05:51:03,748] Trial 8 finished with value: 10.0 and parameters: {'abs_or_rel': 'rel', 'loss_type': 'H1', 'n_layers': 14, 'batch_size': 64, 'weight_decay_power': 2, 'lr_val': 0.0001, 'use_embeddings': False, 'patience': 24}. Best is trial 0 with value: 10.0.
[I 2024-11-08 05:51:26,786] Trial 8 finished with value: 10.0 and parameters: {'abs_or_rel': 'rel', 'loss_type': 'L2', 'n_layers': 12, 'batch_size': 256, 'weight_decay_power': 8, 'lr_val': 0.0006, 'use_embeddings': True, 'embed_d': 7, 'patience': 11}. Best is trial 0 with value: 10.0.
[I 2024-11-08 05:51:29,630] Trial 3 finished with value: 10.0 and parameters: {'abs_or_rel': 'abs', 'loss_type': 'L2', 'n_layers': 8, 'batch_size': 128, 'weight_decay_power': 8, 'lr_val': 0.0003, 'use_embeddings': False, 'patience': 21}. Best is trial 0 with value: 10.0.
[I 2024-11-08 05:52:22,472] Trial 9 finished with value: 10.0 and parameters: {'abs_or_rel': 'rel', 'loss_type': 'L2', 'n_layers': 12, 'batch_size': 64, 'weight_decay_power': 5, 'lr_val': 0.0003, 'use_embeddings': True, 'embed_d': 21, 'patience': 24}. Best is trial 0 with value: 10.0.
[I 2024-11-08 05:52:26,114] Trial 9 finished with value: 10.0 and parameters: {'abs_or_rel': 'rel', 'loss_type': 'L2', 'n_layers': 14, 'batch_size': 32, 'weight_decay_power': 7, 'lr_val': 0.0002, 'use_embeddings': True, 'embed_d': 26, 'patience': 16}. Best is trial 0 with value: 10.0.
[I 2024-11-08 05:52:34,504] Trial 4 finished with value: 10.0 and parameters: {'abs_or_rel': 'abs', 'loss_type': 'H1', 'n_layers': 8, 'batch_size': 256, 'weight_decay_power': 8, 'lr_val': 0.0008, 'use_embeddings': False, 'patience': 24}. Best is trial 0 with value: 10.0.
[I 2024-11-08 05:53:06,694] Trial 10 finished with value: 10.0 and parameters: {'abs_or_rel': 'rel', 'loss_type': 'L2', 'n_layers': 12, 'batch_size': 256, 'weight_decay_power': 4, 'lr_val': 0.0007, 'use_embeddings': False, 'patience': 14}. Best is trial 0 with value: 10.0.
[I 2024-11-08 05:53:44,448] Trial 10 finished with value: 10.0 and parameters: {'abs_or_rel': 'abs', 'loss_type': 'L2', 'n_layers': 14, 'batch_size': 32, 'weight_decay_power': 3, 'lr_val': 0.0008, 'use_embeddings': True, 'embed_d': 21, 'patience': 13}. Best is trial 0 with value: 10.0.
[I 2024-11-08 05:54:32,056] Trial 11 finished with value: 10.0 and parameters: {'abs_or_rel': 'rel', 'loss_type': 'H1', 'n_layers': 13, 'batch_size': 128, 'weight_decay_power': 2, 'lr_val': 0.0001, 'use_embeddings': True, 'embed_d': 1, 'patience': 23}. Best is trial 0 with value: 10.0.
[I 2024-11-08 05:54:33,507] Trial 11 finished with value: 10.0 and parameters: {'abs_or_rel': 'rel', 'loss_type': 'H1', 'n_layers': 9, 'batch_size': 16, 'weight_decay_power': 2, 'lr_val': 0.0008, 'use_embeddings': True, 'embed_d': 20, 'patience': 18}. Best is trial 0 with value: 10.0.
[I 2024-11-08 05:54:45,783] Trial 1 finished with value: 10.0 and parameters: {'abs_or_rel': 'rel', 'loss_type': 'H1', 'n_layers': 14, 'batch_size': 64, 'weight_decay_power': 5, 'lr_val': 0.0007, 'use_embeddings': True, 'embed_d': 27, 'patience': 14}. Best is trial 1 with value: 10.0.
[I 2024-11-08 05:54:46,748] Trial 5 finished with value: 10.0 and parameters: {'abs_or_rel': 'abs', 'loss_type': 'H1', 'n_layers': 12, 'batch_size': 64, 'weight_decay_power': 6, 'lr_val': 8e-05, 'use_embeddings': False, 'patience': 13}. Best is trial 0 with value: 10.0.
/global/u1/r/rgeorge/repo/neuraloperator/examples/Optuna_Training3.py:59: DeprecationWarning: __array_wrap__ must accept context and return_scalar arguments (positionally) in the future. (Deprecated NumPy 2.0)
  input_data[:, 3+6*i, :] = poling_region_length.repeat(num,1).permute(1,0)  * np.cos((i+1)*t).repeat(samples,1)
/global/u1/r/rgeorge/repo/neuraloperator/examples/Optuna_Training3.py:60: DeprecationWarning: __array_wrap__ must accept context and return_scalar arguments (positionally) in the future. (Deprecated NumPy 2.0)
  input_data[:, 4+6*i, :] = poling_region_length.repeat(num,1).permute(1,0)  * np.sin((i+1)*t).repeat(samples,1)
/global/u1/r/rgeorge/repo/neuraloperator/examples/Optuna_Training3.py:61: DeprecationWarning: __array_wrap__ must accept context and return_scalar arguments (positionally) in the future. (Deprecated NumPy 2.0)
  input_data[:, 5+6*i, :] = poling_period_mismatch.repeat(num,1).permute(1,0) * np.cos((i+1)*t).repeat(samples,1)
/global/u1/r/rgeorge/repo/neuraloperator/examples/Optuna_Training3.py:62: DeprecationWarning: __array_wrap__ must accept context and return_scalar arguments (positionally) in the future. (Deprecated NumPy 2.0)
  input_data[:, 6+6*i, :] = poling_period_mismatch.repeat(num,1).permute(1,0) * np.sin((i+1)*t).repeat(samples,1)
/global/u1/r/rgeorge/repo/neuraloperator/examples/Optuna_Training3.py:63: DeprecationWarning: __array_wrap__ must accept context and return_scalar arguments (positionally) in the future. (Deprecated NumPy 2.0)
  input_data[:, 7+6*i, :] = pump_energy.repeat(num,1).permute(1,0) * np.cos((i+1)*t).repeat(samples,1)
/global/u1/r/rgeorge/repo/neuraloperator/examples/Optuna_Training3.py:64: DeprecationWarning: __array_wrap__ must accept context and return_scalar arguments (positionally) in the future. (Deprecated NumPy 2.0)
  input_data[:, 8+6*i, :] = pump_energy.repeat(num,1).permute(1,0) * np.sin((i+1)*t).repeat(samples,1)
[I 2024-11-08 05:55:19,025] Trial 12 finished with value: 10.0 and parameters: {'abs_or_rel': 'rel', 'loss_type': 'L2', 'n_layers': 13, 'batch_size': 256, 'weight_decay_power': 8, 'lr_val': 0.0001, 'use_embeddings': True, 'embed_d': 13, 'patience': 24}. Best is trial 0 with value: 10.0.
[I 2024-11-08 05:56:05,071] Trial 12 finished with value: 10.0 and parameters: {'abs_or_rel': 'abs', 'loss_type': 'H1', 'n_layers': 10, 'batch_size': 16, 'weight_decay_power': 6, 'lr_val': 8e-05, 'use_embeddings': True, 'embed_d': 7, 'patience': 21}. Best is trial 0 with value: 10.0.
[I 2024-11-08 05:56:41,290] Trial 13 finished with value: 10.0 and parameters: {'abs_or_rel': 'rel', 'loss_type': 'H1', 'n_layers': 9, 'batch_size': 16, 'weight_decay_power': 4, 'lr_val': 0.0002, 'use_embeddings': False, 'patience': 13}. Best is trial 0 with value: 10.0.
[I 2024-11-08 05:57:28,937] Trial 13 finished with value: 10.0 and parameters: {'abs_or_rel': 'abs', 'loss_type': 'H1', 'n_layers': 15, 'batch_size': 32, 'weight_decay_power': 2, 'lr_val': 0.0008, 'use_embeddings': False, 'patience': 16}. Best is trial 0 with value: 10.0.
[I 2024-11-08 05:57:47,969] Trial 14 finished with value: 10.0 and parameters: {'abs_or_rel': 'rel', 'loss_type': 'H1', 'n_layers': 11, 'batch_size': 32, 'weight_decay_power': 5, 'lr_val': 0.0003, 'use_embeddings': True, 'embed_d': 26, 'patience': 12}. Best is trial 0 with value: 10.0.
[I 2024-11-08 05:58:21,194] Trial 14 finished with value: 10.0 and parameters: {'abs_or_rel': 'abs', 'loss_type': 'H1', 'n_layers': 13, 'batch_size': 128, 'weight_decay_power': 5, 'lr_val': 8e-05, 'use_embeddings': True, 'embed_d': 22, 'patience': 11}. Best is trial 0 with value: 10.0.
[I 2024-11-08 05:58:56,484] Trial 6 finished with value: 10.0 and parameters: {'abs_or_rel': 'rel', 'loss_type': 'L2', 'n_layers': 10, 'batch_size': 16, 'weight_decay_power': 4, 'lr_val': 0.0005, 'use_embeddings': True, 'embed_d': 6, 'patience': 10}. Best is trial 0 with value: 10.0.
[I 2024-11-08 05:59:11,066] Trial 15 finished with value: 10.0 and parameters: {'abs_or_rel': 'abs', 'loss_type': 'H1', 'n_layers': 14, 'batch_size': 256, 'weight_decay_power': 3, 'lr_val': 0.0004, 'use_embeddings': True, 'embed_d': 14, 'patience': 17}. Best is trial 0 with value: 10.0.
[I 2024-11-08 05:59:31,488] Trial 15 finished with value: 10.0 and parameters: {'abs_or_rel': 'rel', 'loss_type': 'H1', 'n_layers': 11, 'batch_size': 16, 'weight_decay_power': 3, 'lr_val': 0.0005, 'use_embeddings': True, 'embed_d': 10, 'patience': 22}. Best is trial 0 with value: 10.0.
[I 2024-11-08 06:00:12,156] Trial 16 finished with value: 10.0 and parameters: {'abs_or_rel': 'rel', 'loss_type': 'L2', 'n_layers': 16, 'batch_size': 128, 'weight_decay_power': 7, 'lr_val': 0.0003, 'use_embeddings': True, 'embed_d': 10, 'patience': 20}. Best is trial 0 with value: 10.0.
[I 2024-11-08 06:00:18,735] Trial 7 finished with value: 10.0 and parameters: {'abs_or_rel': 'rel', 'loss_type': 'L2', 'n_layers': 9, 'batch_size': 128, 'weight_decay_power': 7, 'lr_val': 0.0001, 'use_embeddings': False, 'patience': 16}. Best is trial 0 with value: 10.0.
[I 2024-11-08 06:00:38,148] Trial 16 finished with value: 10.0 and parameters: {'abs_or_rel': 'rel', 'loss_type': 'H1', 'n_layers': 14, 'batch_size': 64, 'weight_decay_power': 5, 'lr_val': 0.0002, 'use_embeddings': True, 'embed_d': 25, 'patience': 10}. Best is trial 0 with value: 10.0.
[I 2024-11-08 06:00:39,266] Trial 2 finished with value: 10.0 and parameters: {'abs_or_rel': 'abs', 'loss_type': 'L2', 'n_layers': 9, 'batch_size': 256, 'weight_decay_power': 2, 'lr_val': 0.0002, 'use_embeddings': True, 'embed_d': 19, 'patience': 12}. Best is trial 1 with value: 10.0.
[I 2024-11-08 06:01:00,883] Trial 17 finished with value: 10.0 and parameters: {'abs_or_rel': 'abs', 'loss_type': 'H1', 'n_layers': 8, 'batch_size': 32, 'weight_decay_power': 8, 'lr_val': 0.0008, 'use_embeddings': False, 'patience': 22}. Best is trial 0 with value: 10.0.
[I 2024-11-08 06:01:33,088] Trial 17 finished with value: 10.0 and parameters: {'abs_or_rel': 'rel', 'loss_type': 'H1', 'n_layers': 15, 'batch_size': 128, 'weight_decay_power': 6, 'lr_val': 0.0008, 'use_embeddings': False, 'patience': 13}. Best is trial 0 with value: 10.0.
[I 2024-11-08 06:01:54,889] Trial 8 finished with value: 10.0 and parameters: {'abs_or_rel': 'rel', 'loss_type': 'H1', 'n_layers': 8, 'batch_size': 64, 'weight_decay_power': 8, 'lr_val': 0.0002, 'use_embeddings': True, 'embed_d': 30, 'patience': 19}. Best is trial 0 with value: 10.0.
[I 2024-11-08 06:02:41,642] Trial 18 finished with value: 10.0 and parameters: {'abs_or_rel': 'abs', 'loss_type': 'L2', 'n_layers': 12, 'batch_size': 32, 'weight_decay_power': 7, 'lr_val': 0.0006, 'use_embeddings': False, 'patience': 12}. Best is trial 0 with value: 10.0.
[I 2024-11-08 06:02:55,358] Trial 18 finished with value: 10.0 and parameters: {'abs_or_rel': 'abs', 'loss_type': 'H1', 'n_layers': 13, 'batch_size': 16, 'weight_decay_power': 6, 'lr_val': 8e-05, 'use_embeddings': False, 'patience': 14}. Best is trial 0 with value: 10.0.
[I 2024-11-08 06:03:34,774] Trial 19 finished with value: 10.0 and parameters: {'abs_or_rel': 'rel', 'loss_type': 'H1', 'n_layers': 9, 'batch_size': 32, 'weight_decay_power': 4, 'lr_val': 0.0002, 'use_embeddings': False, 'patience': 8}. Best is trial 0 with value: 10.0.
[I 2024-11-08 06:04:09,971] Trial 20 finished with value: 10.0 and parameters: {'abs_or_rel': 'rel', 'loss_type': 'L2', 'n_layers': 10, 'batch_size': 256, 'weight_decay_power': 3, 'lr_val': 0.0006, 'use_embeddings': True, 'embed_d': 3, 'patience': 15}. Best is trial 0 with value: 10.0.
[I 2024-11-08 06:04:25,883] Trial 19 finished with value: 10.0 and parameters: {'abs_or_rel': 'rel', 'loss_type': 'H1', 'n_layers': 10, 'batch_size': 16, 'weight_decay_power': 7, 'lr_val': 0.0002, 'use_embeddings': False, 'patience': 18}. Best is trial 0 with value: 10.0.
[I 2024-11-08 06:04:46,132] Trial 9 finished with value: 10.0 and parameters: {'abs_or_rel': 'abs', 'loss_type': 'L2', 'n_layers': 11, 'batch_size': 32, 'weight_decay_power': 8, 'lr_val': 0.0001, 'use_embeddings': True, 'embed_d': 1, 'patience': 17}. Best is trial 0 with value: 10.0.
[I 2024-11-08 06:04:54,521] Trial 21 finished with value: 10.0 and parameters: {'abs_or_rel': 'abs', 'loss_type': 'L2', 'n_layers': 10, 'batch_size': 64, 'weight_decay_power': 8, 'lr_val': 0.0004, 'use_embeddings': False, 'patience': 13}. Best is trial 0 with value: 10.0.
[I 2024-11-08 06:05:04,079] Trial 20 finished with value: 10.0 and parameters: {'abs_or_rel': 'abs', 'loss_type': 'H1', 'n_layers': 8, 'batch_size': 64, 'weight_decay_power': 2, 'lr_val': 0.0005, 'use_embeddings': True, 'embed_d': 11, 'patience': 23}. Best is trial 0 with value: 10.0.
[I 2024-11-08 06:05:24,085] Trial 22 finished with value: 10.0 and parameters: {'abs_or_rel': 'rel', 'loss_type': 'H1', 'n_layers': 8, 'batch_size': 256, 'weight_decay_power': 6, 'lr_val': 8e-05, 'use_embeddings': True, 'embed_d': 3, 'patience': 15}. Best is trial 0 with value: 10.0.
[I 2024-11-08 06:06:13,117] Trial 23 finished with value: 10.0 and parameters: {'abs_or_rel': 'rel', 'loss_type': 'L2', 'n_layers': 14, 'batch_size': 256, 'weight_decay_power': 6, 'lr_val': 0.0002, 'use_embeddings': True, 'embed_d': 12, 'patience': 24}. Best is trial 0 with value: 10.0.
[I 2024-11-08 06:06:50,052] Trial 21 finished with value: 10.0 and parameters: {'abs_or_rel': 'rel', 'loss_type': 'L2', 'n_layers': 12, 'batch_size': 16, 'weight_decay_power': 7, 'lr_val': 0.0005, 'use_embeddings': False, 'patience': 19}. Best is trial 0 with value: 10.0.
[I 2024-11-08 06:06:59,735] Trial 24 finished with value: 10.0 and parameters: {'abs_or_rel': 'rel', 'loss_type': 'H1', 'n_layers': 10, 'batch_size': 64, 'weight_decay_power': 8, 'lr_val': 0.0005, 'use_embeddings': True, 'embed_d': 3, 'patience': 15}. Best is trial 0 with value: 10.0.
[I 2024-11-08 06:07:09,098] Trial 10 finished with value: 10.0 and parameters: {'abs_or_rel': 'rel', 'loss_type': 'L2', 'n_layers': 13, 'batch_size': 64, 'weight_decay_power': 4, 'lr_val': 0.0007, 'use_embeddings': False, 'patience': 16}. Best is trial 0 with value: 10.0.
[I 2024-11-08 06:08:06,754] Trial 25 finished with value: 10.0 and parameters: {'abs_or_rel': 'abs', 'loss_type': 'H1', 'n_layers': 14, 'batch_size': 64, 'weight_decay_power': 2, 'lr_val': 0.0006, 'use_embeddings': True, 'embed_d': 24, 'patience': 19}. Best is trial 0 with value: 10.0.
[I 2024-11-08 06:08:27,157] Trial 22 finished with value: 10.0 and parameters: {'abs_or_rel': 'rel', 'loss_type': 'L2', 'n_layers': 16, 'batch_size': 32, 'weight_decay_power': 3, 'lr_val': 0.0005, 'use_embeddings': True, 'embed_d': 27, 'patience': 23}. Best is trial 0 with value: 10.0.
[I 2024-11-08 06:08:51,588] Trial 26 finished with value: 10.0 and parameters: {'abs_or_rel': 'rel', 'loss_type': 'L2', 'n_layers': 12, 'batch_size': 256, 'weight_decay_power': 8, 'lr_val': 0.0002, 'use_embeddings': True, 'embed_d': 5, 'patience': 10}. Best is trial 0 with value: 10.0.
[I 2024-11-08 06:09:35,472] Trial 27 finished with value: 10.0 and parameters: {'abs_or_rel': 'abs', 'loss_type': 'H1', 'n_layers': 12, 'batch_size': 256, 'weight_decay_power': 7, 'lr_val': 0.0001, 'use_embeddings': False, 'patience': 23}. Best is trial 0 with value: 10.0.
[I 2024-11-08 06:10:23,183] Trial 28 finished with value: 10.0 and parameters: {'abs_or_rel': 'rel', 'loss_type': 'L2', 'n_layers': 10, 'batch_size': 64, 'weight_decay_power': 3, 'lr_val': 0.0001, 'use_embeddings': False, 'patience': 13}. Best is trial 0 with value: 10.0.
[I 2024-11-08 06:10:32,015] Trial 23 finished with value: 10.0 and parameters: {'abs_or_rel': 'abs', 'loss_type': 'L2', 'n_layers': 14, 'batch_size': 16, 'weight_decay_power': 7, 'lr_val': 8e-05, 'use_embeddings': False, 'patience': 17}. Best is trial 0 with value: 10.0.
[I 2024-11-08 06:11:16,672] Trial 24 finished with value: 10.0 and parameters: {'abs_or_rel': 'abs', 'loss_type': 'L2', 'n_layers': 12, 'batch_size': 128, 'weight_decay_power': 7, 'lr_val': 0.0003, 'use_embeddings': False, 'patience': 8}. Best is trial 0 with value: 10.0.
[I 2024-11-08 06:11:20,971] Trial 29 finished with value: 10.0 and parameters: {'abs_or_rel': 'rel', 'loss_type': 'H1', 'n_layers': 15, 'batch_size': 128, 'weight_decay_power': 6, 'lr_val': 8e-05, 'use_embeddings': True, 'embed_d': 21, 'patience': 18}. Best is trial 0 with value: 10.0.
[I 2024-11-08 06:11:58,593] Trial 25 finished with value: 10.0 and parameters: {'abs_or_rel': 'rel', 'loss_type': 'L2', 'n_layers': 11, 'batch_size': 256, 'weight_decay_power': 2, 'lr_val': 0.0001, 'use_embeddings': True, 'embed_d': 21, 'patience': 15}. Best is trial 0 with value: 10.0.
[I 2024-11-08 06:12:18,537] Trial 30 finished with value: 10.0 and parameters: {'abs_or_rel': 'rel', 'loss_type': 'H1', 'n_layers': 12, 'batch_size': 64, 'weight_decay_power': 2, 'lr_val': 0.0002, 'use_embeddings': True, 'embed_d': 32, 'patience': 20}. Best is trial 0 with value: 10.0.
[I 2024-11-08 06:13:08,953] Trial 26 finished with value: 10.0 and parameters: {'abs_or_rel': 'rel', 'loss_type': 'H1', 'n_layers': 12, 'batch_size': 32, 'weight_decay_power': 2, 'lr_val': 0.0007, 'use_embeddings': True, 'embed_d': 7, 'patience': 23}. Best is trial 0 with value: 10.0.
[I 2024-11-08 06:13:14,166] Trial 31 finished with value: 10.0 and parameters: {'abs_or_rel': 'abs', 'loss_type': 'L2', 'n_layers': 14, 'batch_size': 128, 'weight_decay_power': 4, 'lr_val': 0.0006, 'use_embeddings': True, 'embed_d': 32, 'patience': 18}. Best is trial 0 with value: 10.0.
[I 2024-11-08 06:13:20,198] Trial 11 finished with value: 10.0 and parameters: {'abs_or_rel': 'abs', 'loss_type': 'H1', 'n_layers': 15, 'batch_size': 16, 'weight_decay_power': 4, 'lr_val': 8e-05, 'use_embeddings': True, 'embed_d': 5, 'patience': 19}. Best is trial 0 with value: 10.0.
[I 2024-11-08 06:13:49,147] Trial 27 finished with value: 10.0 and parameters: {'abs_or_rel': 'rel', 'loss_type': 'H1', 'n_layers': 8, 'batch_size': 64, 'weight_decay_power': 7, 'lr_val': 0.0005, 'use_embeddings': True, 'embed_d': 22, 'patience': 20}. Best is trial 0 with value: 10.0.
[I 2024-11-08 06:14:07,825] Trial 32 finished with value: 10.0 and parameters: {'abs_or_rel': 'abs', 'loss_type': 'H1', 'n_layers': 9, 'batch_size': 32, 'weight_decay_power': 7, 'lr_val': 0.0008, 'use_embeddings': False, 'patience': 21}. Best is trial 0 with value: 10.0.
[I 2024-11-08 06:15:04,556] Trial 33 finished with value: 10.0 and parameters: {'abs_or_rel': 'abs', 'loss_type': 'L2', 'n_layers': 13, 'batch_size': 64, 'weight_decay_power': 6, 'lr_val': 0.0002, 'use_embeddings': False, 'patience': 14}. Best is trial 0 with value: 10.0.
[I 2024-11-08 06:15:16,719] Trial 12 finished with value: 10.0 and parameters: {'abs_or_rel': 'abs', 'loss_type': 'H1', 'n_layers': 13, 'batch_size': 128, 'weight_decay_power': 2, 'lr_val': 0.0006, 'use_embeddings': True, 'embed_d': 6, 'patience': 21}. Best is trial 0 with value: 10.0.
[I 2024-11-08 06:15:27,478] Trial 28 finished with value: 10.0 and parameters: {'abs_or_rel': 'abs', 'loss_type': 'L2', 'n_layers': 11, 'batch_size': 16, 'weight_decay_power': 2, 'lr_val': 8e-05, 'use_embeddings': False, 'patience': 22}. Best is trial 0 with value: 10.0.
[I 2024-11-08 06:15:49,763] Trial 34 finished with value: 10.0 and parameters: {'abs_or_rel': 'rel', 'loss_type': 'H1', 'n_layers': 12, 'batch_size': 128, 'weight_decay_power': 5, 'lr_val': 0.0008, 'use_embeddings': False, 'patience': 8}. Best is trial 0 with value: 10.0.
[I 2024-11-08 06:16:17,219] Trial 29 finished with value: 10.0 and parameters: {'abs_or_rel': 'rel', 'loss_type': 'H1', 'n_layers': 13, 'batch_size': 128, 'weight_decay_power': 3, 'lr_val': 0.0002, 'use_embeddings': True, 'embed_d': 9, 'patience': 20}. Best is trial 0 with value: 10.0.
[I 2024-11-08 06:16:40,282] Trial 35 finished with value: 10.0 and parameters: {'abs_or_rel': 'rel', 'loss_type': 'L2', 'n_layers': 15, 'batch_size': 256, 'weight_decay_power': 2, 'lr_val': 0.0006, 'use_embeddings': True, 'embed_d': 1, 'patience': 9}. Best is trial 0 with value: 10.0.
[I 2024-11-08 06:17:03,346] Trial 3 finished with value: 10.0 and parameters: {'abs_or_rel': 'rel', 'loss_type': 'L2', 'n_layers': 8, 'batch_size': 16, 'weight_decay_power': 7, 'lr_val': 0.0006, 'use_embeddings': False, 'patience': 21}. Best is trial 1 with value: 10.0.
[I 2024-11-08 06:17:11,928] Trial 36 finished with value: 10.0 and parameters: {'abs_or_rel': 'abs', 'loss_type': 'H1', 'n_layers': 8, 'batch_size': 128, 'weight_decay_power': 7, 'lr_val': 0.0004, 'use_embeddings': False, 'patience': 22}. Best is trial 0 with value: 10.0.
[I 2024-11-08 06:17:33,416] Trial 30 finished with value: 10.0 and parameters: {'abs_or_rel': 'abs', 'loss_type': 'L2', 'n_layers': 8, 'batch_size': 16, 'weight_decay_power': 6, 'lr_val': 0.0005, 'use_embeddings': True, 'embed_d': 10, 'patience': 10}. Best is trial 0 with value: 10.0.
[I 2024-11-08 06:18:01,869] Trial 37 finished with value: 10.0 and parameters: {'abs_or_rel': 'rel', 'loss_type': 'L2', 'n_layers': 15, 'batch_size': 256, 'weight_decay_power': 8, 'lr_val': 0.0005, 'use_embeddings': False, 'patience': 12}. Best is trial 0 with value: 10.0.
[I 2024-11-08 06:18:08,103] Trial 31 finished with value: 10.0 and parameters: {'abs_or_rel': 'rel', 'loss_type': 'H1', 'n_layers': 10, 'batch_size': 256, 'weight_decay_power': 6, 'lr_val': 0.0001, 'use_embeddings': False, 'patience': 15}. Best is trial 0 with value: 10.0.
[I 2024-11-08 06:18:54,601] Trial 38 finished with value: 10.0 and parameters: {'abs_or_rel': 'abs', 'loss_type': 'H1', 'n_layers': 16, 'batch_size': 256, 'weight_decay_power': 6, 'lr_val': 0.0006, 'use_embeddings': False, 'patience': 12}. Best is trial 0 with value: 10.0.
[I 2024-11-08 06:19:01,670] Trial 32 finished with value: 10.0 and parameters: {'abs_or_rel': 'abs', 'loss_type': 'H1', 'n_layers': 9, 'batch_size': 32, 'weight_decay_power': 6, 'lr_val': 0.0005, 'use_embeddings': False, 'patience': 22}. Best is trial 0 with value: 10.0.
[I 2024-11-08 06:19:32,658] Trial 39 finished with value: 10.0 and parameters: {'abs_or_rel': 'rel', 'loss_type': 'H1', 'n_layers': 11, 'batch_size': 256, 'weight_decay_power': 7, 'lr_val': 8e-05, 'use_embeddings': False, 'patience': 8}. Best is trial 0 with value: 10.0.
[I 2024-11-08 06:19:55,787] Trial 33 finished with value: 10.0 and parameters: {'abs_or_rel': 'abs', 'loss_type': 'L2', 'n_layers': 15, 'batch_size': 256, 'weight_decay_power': 4, 'lr_val': 0.0001, 'use_embeddings': True, 'embed_d': 31, 'patience': 14}. Best is trial 0 with value: 10.0.
[I 2024-11-08 06:21:09,544] Trial 34 finished with value: 10.0 and parameters: {'abs_or_rel': 'rel', 'loss_type': 'H1', 'n_layers': 13, 'batch_size': 32, 'weight_decay_power': 8, 'lr_val': 0.0001, 'use_embeddings': False, 'patience': 14}. Best is trial 0 with value: 10.0.
[I 2024-11-08 06:21:21,182] Trial 40 finished with value: 10.0 and parameters: {'abs_or_rel': 'rel', 'loss_type': 'H1', 'n_layers': 12, 'batch_size': 16, 'weight_decay_power': 2, 'lr_val': 8e-05, 'use_embeddings': True, 'embed_d': 11, 'patience': 10}. Best is trial 0 with value: 10.0.
[I 2024-11-08 06:21:46,137] Trial 13 finished with value: 10.0 and parameters: {'abs_or_rel': 'abs', 'loss_type': 'L2', 'n_layers': 16, 'batch_size': 16, 'weight_decay_power': 4, 'lr_val': 0.0008, 'use_embeddings': False, 'patience': 21}. Best is trial 0 with value: 10.0.
[I 2024-11-08 06:22:04,265] Trial 41 finished with value: 10.0 and parameters: {'abs_or_rel': 'rel', 'loss_type': 'H1', 'n_layers': 12, 'batch_size': 256, 'weight_decay_power': 6, 'lr_val': 0.0005, 'use_embeddings': True, 'embed_d': 13, 'patience': 9}. Best is trial 0 with value: 10.0.
[I 2024-11-08 06:23:17,515] Trial 42 finished with value: 10.0 and parameters: {'abs_or_rel': 'abs', 'loss_type': 'L2', 'n_layers': 8, 'batch_size': 16, 'weight_decay_power': 7, 'lr_val': 0.0001, 'use_embeddings': False, 'patience': 8}. Best is trial 0 with value: 10.0.
[I 2024-11-08 06:23:27,141] Trial 35 finished with value: 10.0 and parameters: {'abs_or_rel': 'abs', 'loss_type': 'H1', 'n_layers': 16, 'batch_size': 16, 'weight_decay_power': 3, 'lr_val': 0.0002, 'use_embeddings': False, 'patience': 8}. Best is trial 0 with value: 10.0.
[I 2024-11-08 06:24:17,110] Trial 36 finished with value: 10.0 and parameters: {'abs_or_rel': 'abs', 'loss_type': 'H1', 'n_layers': 13, 'batch_size': 128, 'weight_decay_power': 4, 'lr_val': 0.0001, 'use_embeddings': True, 'embed_d': 17, 'patience': 16}. Best is trial 0 with value: 10.0.
[I 2024-11-08 06:24:25,029] Trial 43 finished with value: 10.0 and parameters: {'abs_or_rel': 'rel', 'loss_type': 'L2', 'n_layers': 16, 'batch_size': 64, 'weight_decay_power': 7, 'lr_val': 0.0003, 'use_embeddings': False, 'patience': 22}. Best is trial 0 with value: 10.0.
[I 2024-11-08 06:25:03,174] Trial 44 finished with value: 10.0 and parameters: {'abs_or_rel': 'rel', 'loss_type': 'H1', 'n_layers': 8, 'batch_size': 64, 'weight_decay_power': 8, 'lr_val': 0.0001, 'use_embeddings': True, 'embed_d': 11, 'patience': 13}. Best is trial 0 with value: 10.0.
[I 2024-11-08 06:25:59,273] Trial 37 finished with value: 10.0 and parameters: {'abs_or_rel': 'abs', 'loss_type': 'L2', 'n_layers': 11, 'batch_size': 16, 'weight_decay_power': 6, 'lr_val': 0.0005, 'use_embeddings': True, 'embed_d': 29, 'patience': 21}. Best is trial 0 with value: 10.0.
[I 2024-11-08 06:26:19,260] Trial 45 finished with value: 10.0 and parameters: {'abs_or_rel': 'abs', 'loss_type': 'L2', 'n_layers': 8, 'batch_size': 16, 'weight_decay_power': 6, 'lr_val': 0.0006, 'use_embeddings': True, 'embed_d': 8, 'patience': 12}. Best is trial 0 with value: 10.0.
[I 2024-11-08 06:26:34,035] Trial 38 finished with value: 10.0 and parameters: {'abs_or_rel': 'abs', 'loss_type': 'L2', 'n_layers': 10, 'batch_size': 256, 'weight_decay_power': 2, 'lr_val': 0.0001, 'use_embeddings': False, 'patience': 21}. Best is trial 0 with value: 10.0.
[I 2024-11-08 06:27:04,933] Trial 14 finished with value: 10.0 and parameters: {'abs_or_rel': 'abs', 'loss_type': 'H1', 'n_layers': 13, 'batch_size': 16, 'weight_decay_power': 6, 'lr_val': 8e-05, 'use_embeddings': False, 'patience': 9}. Best is trial 0 with value: 10.0.
[I 2024-11-08 06:27:17,389] Trial 46 finished with value: 10.0 and parameters: {'abs_or_rel': 'rel', 'loss_type': 'H1', 'n_layers': 16, 'batch_size': 128, 'weight_decay_power': 6, 'lr_val': 0.0008, 'use_embeddings': False, 'patience': 12}. Best is trial 0 with value: 10.0.
[I 2024-11-08 06:28:06,151] Trial 47 finished with value: 10.0 and parameters: {'abs_or_rel': 'abs', 'loss_type': 'L2', 'n_layers': 13, 'batch_size': 128, 'weight_decay_power': 2, 'lr_val': 0.0003, 'use_embeddings': True, 'embed_d': 8, 'patience': 18}. Best is trial 0 with value: 10.0.
[I 2024-11-08 06:28:35,419] Trial 39 finished with value: 10.0 and parameters: {'abs_or_rel': 'abs', 'loss_type': 'L2', 'n_layers': 14, 'batch_size': 16, 'weight_decay_power': 7, 'lr_val': 0.0006, 'use_embeddings': False, 'patience': 12}. Best is trial 0 with value: 10.0.
[I 2024-11-08 06:28:50,381] Trial 48 finished with value: 10.0 and parameters: {'abs_or_rel': 'rel', 'loss_type': 'L2', 'n_layers': 12, 'batch_size': 128, 'weight_decay_power': 3, 'lr_val': 0.0005, 'use_embeddings': False, 'patience': 17}. Best is trial 0 with value: 10.0.
[I 2024-11-08 06:29:26,003] Trial 40 finished with value: 10.0 and parameters: {'abs_or_rel': 'rel', 'loss_type': 'L2', 'n_layers': 14, 'batch_size': 128, 'weight_decay_power': 7, 'lr_val': 0.0006, 'use_embeddings': False, 'patience': 24}. Best is trial 0 with value: 10.0.
[I 2024-11-08 06:30:16,892] Trial 49 finished with value: 10.0 and parameters: {'abs_or_rel': 'rel', 'loss_type': 'H1', 'n_layers': 9, 'batch_size': 16, 'weight_decay_power': 6, 'lr_val': 0.0002, 'use_embeddings': True, 'embed_d': 19, 'patience': 10}. Best is trial 0 with value: 10.0.

Best value: 10.0 (params: {'abs_or_rel': 'rel', 'loss_type': 'H1', 'n_layers': 15, 'batch_size': 16, 'weight_decay_power': 7, 'lr_val': 0.0005, 'use_embeddings': False, 'patience': 18})
[I 2024-11-08 06:31:25,378] Trial 41 finished with value: 10.0 and parameters: {'abs_or_rel': 'rel', 'loss_type': 'H1', 'n_layers': 13, 'batch_size': 16, 'weight_decay_power': 8, 'lr_val': 0.0002, 'use_embeddings': True, 'embed_d': 32, 'patience': 15}. Best is trial 0 with value: 10.0.
[I 2024-11-08 06:32:50,052] Trial 15 finished with value: 10.0 and parameters: {'abs_or_rel': 'abs', 'loss_type': 'L2', 'n_layers': 14, 'batch_size': 16, 'weight_decay_power': 6, 'lr_val': 0.0005, 'use_embeddings': True, 'embed_d': 19, 'patience': 9}. Best is trial 0 with value: 10.0.
[I 2024-11-08 06:32:52,700] Trial 42 finished with value: 10.0 and parameters: {'abs_or_rel': 'rel', 'loss_type': 'H1', 'n_layers': 15, 'batch_size': 32, 'weight_decay_power': 7, 'lr_val': 0.0002, 'use_embeddings': True, 'embed_d': 21, 'patience': 15}. Best is trial 0 with value: 10.0.
[I 2024-11-08 06:34:12,528] Trial 43 finished with value: 10.0 and parameters: {'abs_or_rel': 'rel', 'loss_type': 'L2', 'n_layers': 14, 'batch_size': 32, 'weight_decay_power': 8, 'lr_val': 0.0006, 'use_embeddings': True, 'embed_d': 8, 'patience': 23}. Best is trial 0 with value: 10.0.
[I 2024-11-08 06:34:51,541] Trial 16 finished with value: 10.0 and parameters: {'abs_or_rel': 'abs', 'loss_type': 'L2', 'n_layers': 11, 'batch_size': 64, 'weight_decay_power': 7, 'lr_val': 0.0004, 'use_embeddings': False, 'patience': 9}. Best is trial 0 with value: 10.0.
[I 2024-11-08 06:36:30,445] Trial 44 finished with value: 10.0 and parameters: {'abs_or_rel': 'rel', 'loss_type': 'H1', 'n_layers': 16, 'batch_size': 16, 'weight_decay_power': 2, 'lr_val': 0.0006, 'use_embeddings': False, 'patience': 20}. Best is trial 0 with value: 10.0.
[I 2024-11-08 06:37:06,402] Trial 17 finished with value: 10.0 and parameters: {'abs_or_rel': 'rel', 'loss_type': 'H1', 'n_layers': 12, 'batch_size': 64, 'weight_decay_power': 2, 'lr_val': 8e-05, 'use_embeddings': True, 'embed_d': 20, 'patience': 14}. Best is trial 0 with value: 10.0.
[I 2024-11-08 06:37:15,303] Trial 45 finished with value: 10.0 and parameters: {'abs_or_rel': 'abs', 'loss_type': 'H1', 'n_layers': 12, 'batch_size': 128, 'weight_decay_power': 4, 'lr_val': 0.0003, 'use_embeddings': False, 'patience': 20}. Best is trial 0 with value: 10.0.
[I 2024-11-08 06:37:54,982] Trial 46 finished with value: 10.0 and parameters: {'abs_or_rel': 'abs', 'loss_type': 'L2', 'n_layers': 8, 'batch_size': 64, 'weight_decay_power': 6, 'lr_val': 8e-05, 'use_embeddings': True, 'embed_d': 15, 'patience': 21}. Best is trial 0 with value: 10.0.
[I 2024-11-08 06:38:36,269] Trial 47 finished with value: 10.0 and parameters: {'abs_or_rel': 'abs', 'loss_type': 'H1', 'n_layers': 11, 'batch_size': 256, 'weight_decay_power': 8, 'lr_val': 0.0006, 'use_embeddings': True, 'embed_d': 21, 'patience': 23}. Best is trial 0 with value: 10.0.
[I 2024-11-08 06:39:20,529] Trial 4 finished with value: 10.0 and parameters: {'abs_or_rel': 'rel', 'loss_type': 'L2', 'n_layers': 11, 'batch_size': 16, 'weight_decay_power': 5, 'lr_val': 0.0001, 'use_embeddings': True, 'embed_d': 4, 'patience': 11}. Best is trial 1 with value: 10.0.
[I 2024-11-08 06:40:15,802] Trial 48 finished with value: 10.0 and parameters: {'abs_or_rel': 'rel', 'loss_type': 'H1', 'n_layers': 11, 'batch_size': 16, 'weight_decay_power': 5, 'lr_val': 8e-05, 'use_embeddings': True, 'embed_d': 6, 'patience': 22}. Best is trial 0 with value: 10.0.
[I 2024-11-08 06:41:11,993] Trial 49 finished with value: 10.0 and parameters: {'abs_or_rel': 'abs', 'loss_type': 'L2', 'n_layers': 13, 'batch_size': 64, 'weight_decay_power': 6, 'lr_val': 0.0003, 'use_embeddings': False, 'patience': 19}. Best is trial 0 with value: 10.0.

Best value: 10.0 (params: {'abs_or_rel': 'rel', 'loss_type': 'L2', 'n_layers': 10, 'batch_size': 64, 'weight_decay_power': 7, 'lr_val': 0.0004, 'use_embeddings': True, 'embed_d': 2, 'patience': 11})
[I 2024-11-08 06:43:13,417] Trial 18 finished with value: 10.0 and parameters: {'abs_or_rel': 'rel', 'loss_type': 'H1', 'n_layers': 15, 'batch_size': 16, 'weight_decay_power': 7, 'lr_val': 0.0001, 'use_embeddings': False, 'patience': 19}. Best is trial 0 with value: 10.0.
[I 2024-11-08 06:45:03,368] Trial 19 finished with value: 10.0 and parameters: {'abs_or_rel': 'abs', 'loss_type': 'L2', 'n_layers': 12, 'batch_size': 128, 'weight_decay_power': 6, 'lr_val': 0.0007, 'use_embeddings': True, 'embed_d': 19, 'patience': 21}. Best is trial 0 with value: 10.0.
[I 2024-11-08 06:46:30,299] Trial 5 finished with value: 10.0 and parameters: {'abs_or_rel': 'abs', 'loss_type': 'L2', 'n_layers': 8, 'batch_size': 64, 'weight_decay_power': 4, 'lr_val': 0.0005, 'use_embeddings': False, 'patience': 16}. Best is trial 1 with value: 10.0.
[I 2024-11-08 06:49:11,593] Trial 20 finished with value: 10.0 and parameters: {'abs_or_rel': 'abs', 'loss_type': 'H1', 'n_layers': 10, 'batch_size': 16, 'weight_decay_power': 6, 'lr_val': 0.0005, 'use_embeddings': False, 'patience': 9}. Best is trial 0 with value: 10.0.
[I 2024-11-08 06:54:53,562] Trial 21 finished with value: 10.0 and parameters: {'abs_or_rel': 'rel', 'loss_type': 'L2', 'n_layers': 14, 'batch_size': 16, 'weight_decay_power': 5, 'lr_val': 0.0008, 'use_embeddings': True, 'embed_d': 4, 'patience': 15}. Best is trial 0 with value: 10.0.
[I 2024-11-08 06:58:29,009] Trial 22 finished with value: 10.0 and parameters: {'abs_or_rel': 'abs', 'loss_type': 'L2', 'n_layers': 14, 'batch_size': 32, 'weight_decay_power': 8, 'lr_val': 0.0008, 'use_embeddings': False, 'patience': 15}. Best is trial 0 with value: 10.0.
[I 2024-11-08 07:01:50,207] Trial 23 finished with value: 10.0 and parameters: {'abs_or_rel': 'abs', 'loss_type': 'H1', 'n_layers': 13, 'batch_size': 32, 'weight_decay_power': 4, 'lr_val': 0.0006, 'use_embeddings': False, 'patience': 10}. Best is trial 0 with value: 10.0.
[I 2024-11-08 07:03:37,929] Trial 24 finished with value: 10.0 and parameters: {'abs_or_rel': 'abs', 'loss_type': 'L2', 'n_layers': 12, 'batch_size': 128, 'weight_decay_power': 8, 'lr_val': 0.0005, 'use_embeddings': True, 'embed_d': 7, 'patience': 24}. Best is trial 0 with value: 10.0.
[I 2024-11-08 07:04:51,742] Trial 25 finished with value: 10.0 and parameters: {'abs_or_rel': 'abs', 'loss_type': 'H1', 'n_layers': 8, 'batch_size': 128, 'weight_decay_power': 4, 'lr_val': 0.0008, 'use_embeddings': True, 'embed_d': 2, 'patience': 11}. Best is trial 0 with value: 10.0.
[I 2024-11-08 07:07:03,694] Trial 26 finished with value: 10.0 and parameters: {'abs_or_rel': 'rel', 'loss_type': 'L2', 'n_layers': 15, 'batch_size': 128, 'weight_decay_power': 4, 'lr_val': 0.0003, 'use_embeddings': False, 'patience': 12}. Best is trial 0 with value: 10.0.
[I 2024-11-08 07:08:25,161] Trial 27 finished with value: 10.0 and parameters: {'abs_or_rel': 'abs', 'loss_type': 'H1', 'n_layers': 9, 'batch_size': 128, 'weight_decay_power': 5, 'lr_val': 8e-05, 'use_embeddings': False, 'patience': 12}. Best is trial 0 with value: 10.0.
[I 2024-11-08 07:10:46,840] Trial 28 finished with value: 10.0 and parameters: {'abs_or_rel': 'rel', 'loss_type': 'H1', 'n_layers': 9, 'batch_size': 32, 'weight_decay_power': 2, 'lr_val': 0.0003, 'use_embeddings': False, 'patience': 16}. Best is trial 0 with value: 10.0.
[I 2024-11-08 07:11:03,006] Trial 6 finished with value: 10.0 and parameters: {'abs_or_rel': 'rel', 'loss_type': 'H1', 'n_layers': 12, 'batch_size': 16, 'weight_decay_power': 5, 'lr_val': 0.0008, 'use_embeddings': True, 'embed_d': 30, 'patience': 12}. Best is trial 1 with value: 10.0.
[I 2024-11-08 07:13:29,533] Trial 29 finished with value: 10.0 and parameters: {'abs_or_rel': 'abs', 'loss_type': 'L2', 'n_layers': 15, 'batch_size': 64, 'weight_decay_power': 2, 'lr_val': 0.0001, 'use_embeddings': True, 'embed_d': 5, 'patience': 19}. Best is trial 0 with value: 10.0.
[I 2024-11-08 07:16:01,837] Trial 30 finished with value: 10.0 and parameters: {'abs_or_rel': 'rel', 'loss_type': 'H1', 'n_layers': 14, 'batch_size': 64, 'weight_decay_power': 2, 'lr_val': 8e-05, 'use_embeddings': False, 'patience': 20}. Best is trial 0 with value: 10.0.
[I 2024-11-08 07:17:57,858] Trial 31 finished with value: 10.0 and parameters: {'abs_or_rel': 'rel', 'loss_type': 'H1', 'n_layers': 15, 'batch_size': 256, 'weight_decay_power': 6, 'lr_val': 0.0006, 'use_embeddings': False, 'patience': 12}. Best is trial 0 with value: 10.0.
[I 2024-11-08 07:18:59,047] Trial 7 finished with value: 10.0 and parameters: {'abs_or_rel': 'abs', 'loss_type': 'L2', 'n_layers': 13, 'batch_size': 256, 'weight_decay_power': 5, 'lr_val': 0.0007, 'use_embeddings': False, 'patience': 13}. Best is trial 1 with value: 10.0.
[I 2024-11-08 07:22:05,287] Trial 32 finished with value: 10.0 and parameters: {'abs_or_rel': 'abs', 'loss_type': 'H1', 'n_layers': 16, 'batch_size': 32, 'weight_decay_power': 5, 'lr_val': 0.0004, 'use_embeddings': True, 'embed_d': 19, 'patience': 21}. Best is trial 0 with value: 10.0.
[I 2024-11-08 07:26:14,157] Trial 33 finished with value: 10.0 and parameters: {'abs_or_rel': 'rel', 'loss_type': 'H1', 'n_layers': 10, 'batch_size': 16, 'weight_decay_power': 7, 'lr_val': 8e-05, 'use_embeddings': True, 'embed_d': 10, 'patience': 19}. Best is trial 0 with value: 10.0.
[I 2024-11-08 07:27:44,504] Trial 34 finished with value: 10.0 and parameters: {'abs_or_rel': 'abs', 'loss_type': 'H1', 'n_layers': 8, 'batch_size': 64, 'weight_decay_power': 7, 'lr_val': 0.0003, 'use_embeddings': True, 'embed_d': 2, 'patience': 22}. Best is trial 0 with value: 10.0.
[I 2024-11-08 07:28:41,064] Trial 8 finished with value: 10.0 and parameters: {'abs_or_rel': 'abs', 'loss_type': 'H1', 'n_layers': 11, 'batch_size': 64, 'weight_decay_power': 3, 'lr_val': 0.0004, 'use_embeddings': False, 'patience': 19}. Best is trial 1 with value: 10.0.
[I 2024-11-08 07:31:04,841] Trial 35 finished with value: 10.0 and parameters: {'abs_or_rel': 'rel', 'loss_type': 'H1', 'n_layers': 13, 'batch_size': 32, 'weight_decay_power': 4, 'lr_val': 8e-05, 'use_embeddings': False, 'patience': 12}. Best is trial 0 with value: 10.0.
[I 2024-11-08 07:32:13,205] Trial 36 finished with value: 10.0 and parameters: {'abs_or_rel': 'abs', 'loss_type': 'L2', 'n_layers': 8, 'batch_size': 256, 'weight_decay_power': 3, 'lr_val': 0.0007, 'use_embeddings': True, 'embed_d': 27, 'patience': 12}. Best is trial 0 with value: 10.0.
[I 2024-11-08 07:34:10,828] Trial 37 finished with value: 10.0 and parameters: {'abs_or_rel': 'abs', 'loss_type': 'L2', 'n_layers': 15, 'batch_size': 256, 'weight_decay_power': 6, 'lr_val': 0.0002, 'use_embeddings': True, 'embed_d': 8, 'patience': 16}. Best is trial 0 with value: 10.0.
[I 2024-11-08 07:38:19,318] Trial 38 finished with value: 10.0 and parameters: {'abs_or_rel': 'rel', 'loss_type': 'L2', 'n_layers': 10, 'batch_size': 16, 'weight_decay_power': 8, 'lr_val': 0.0005, 'use_embeddings': True, 'embed_d': 11, 'patience': 23}. Best is trial 0 with value: 10.0.
[I 2024-11-08 07:39:55,497] Trial 9 finished with value: 10.0 and parameters: {'abs_or_rel': 'abs', 'loss_type': 'L2', 'n_layers': 16, 'batch_size': 128, 'weight_decay_power': 3, 'lr_val': 0.0007, 'use_embeddings': True, 'embed_d': 11, 'patience': 9}. Best is trial 1 with value: 10.0.
[I 2024-11-08 07:40:55,884] Trial 39 finished with value: 10.0 and parameters: {'abs_or_rel': 'abs', 'loss_type': 'L2', 'n_layers': 14, 'batch_size': 64, 'weight_decay_power': 4, 'lr_val': 0.0005, 'use_embeddings': True, 'embed_d': 24, 'patience': 13}. Best is trial 0 with value: 10.0.
[I 2024-11-08 07:42:41,661] Trial 40 finished with value: 10.0 and parameters: {'abs_or_rel': 'rel', 'loss_type': 'L2', 'n_layers': 13, 'batch_size': 256, 'weight_decay_power': 7, 'lr_val': 0.0004, 'use_embeddings': True, 'embed_d': 26, 'patience': 24}. Best is trial 0 with value: 10.0.
[I 2024-11-08 07:44:30,307] Trial 41 finished with value: 10.0 and parameters: {'abs_or_rel': 'rel', 'loss_type': 'H1', 'n_layers': 12, 'batch_size': 128, 'weight_decay_power': 7, 'lr_val': 0.0008, 'use_embeddings': True, 'embed_d': 9, 'patience': 17}. Best is trial 0 with value: 10.0.
[I 2024-11-08 07:46:26,081] Trial 42 finished with value: 10.0 and parameters: {'abs_or_rel': 'abs', 'loss_type': 'L2', 'n_layers': 13, 'batch_size': 128, 'weight_decay_power': 7, 'lr_val': 0.0008, 'use_embeddings': True, 'embed_d': 3, 'patience': 18}. Best is trial 0 with value: 10.0.
[I 2024-11-08 07:50:59,862] Trial 43 finished with value: 10.0 and parameters: {'abs_or_rel': 'rel', 'loss_type': 'H1', 'n_layers': 11, 'batch_size': 16, 'weight_decay_power': 4, 'lr_val': 0.0007, 'use_embeddings': True, 'embed_d': 14, 'patience': 8}. Best is trial 0 with value: 10.0.
[I 2024-11-08 07:52:33,195] Trial 44 finished with value: 10.0 and parameters: {'abs_or_rel': 'rel', 'loss_type': 'L2', 'n_layers': 10, 'batch_size': 128, 'weight_decay_power': 4, 'lr_val': 0.0001, 'use_embeddings': True, 'embed_d': 24, 'patience': 13}. Best is trial 0 with value: 10.0.
[I 2024-11-08 07:55:31,132] Trial 45 finished with value: 10.0 and parameters: {'abs_or_rel': 'rel', 'loss_type': 'L2', 'n_layers': 16, 'batch_size': 64, 'weight_decay_power': 6, 'lr_val': 0.0002, 'use_embeddings': True, 'embed_d': 32, 'patience': 21}. Best is trial 0 with value: 10.0.
[I 2024-11-08 07:56:46,613] Trial 46 finished with value: 10.0 and parameters: {'abs_or_rel': 'abs', 'loss_type': 'L2', 'n_layers': 8, 'batch_size': 128, 'weight_decay_power': 7, 'lr_val': 0.0008, 'use_embeddings': True, 'embed_d': 15, 'patience': 23}. Best is trial 0 with value: 10.0.
[I 2024-11-08 07:57:43,088] Trial 10 finished with value: 10.0 and parameters: {'abs_or_rel': 'rel', 'loss_type': 'L2', 'n_layers': 14, 'batch_size': 32, 'weight_decay_power': 5, 'lr_val': 0.0005, 'use_embeddings': True, 'embed_d': 28, 'patience': 18}. Best is trial 1 with value: 10.0.
[I 2024-11-08 08:03:19,023] Trial 47 finished with value: 10.0 and parameters: {'abs_or_rel': 'rel', 'loss_type': 'L2', 'n_layers': 16, 'batch_size': 16, 'weight_decay_power': 7, 'lr_val': 0.0001, 'use_embeddings': True, 'embed_d': 27, 'patience': 20}. Best is trial 0 with value: 10.0.
[I 2024-11-08 08:05:09,641] Trial 48 finished with value: 10.0 and parameters: {'abs_or_rel': 'rel', 'loss_type': 'H1', 'n_layers': 10, 'batch_size': 64, 'weight_decay_power': 2, 'lr_val': 0.0002, 'use_embeddings': False, 'patience': 10}. Best is trial 0 with value: 10.0.
[I 2024-11-08 08:05:39,053] Trial 11 finished with value: 10.0 and parameters: {'abs_or_rel': 'abs', 'loss_type': 'H1', 'n_layers': 13, 'batch_size': 256, 'weight_decay_power': 3, 'lr_val': 0.0003, 'use_embeddings': False, 'patience': 24}. Best is trial 1 with value: 10.0.
[I 2024-11-08 08:06:39,714] Trial 49 finished with value: 10.0 and parameters: {'abs_or_rel': 'abs', 'loss_type': 'L2', 'n_layers': 10, 'batch_size': 128, 'weight_decay_power': 4, 'lr_val': 0.0004, 'use_embeddings': False, 'patience': 8}. Best is trial 0 with value: 10.0.

Best value: 10.0 (params: {'abs_or_rel': 'rel', 'loss_type': 'H1', 'n_layers': 8, 'batch_size': 32, 'weight_decay_power': 6, 'lr_val': 0.0007, 'use_embeddings': False, 'patience': 24})
[I 2024-11-08 08:16:03,625] Trial 12 finished with value: 10.0 and parameters: {'abs_or_rel': 'abs', 'loss_type': 'L2', 'n_layers': 15, 'batch_size': 128, 'weight_decay_power': 5, 'lr_val': 0.0005, 'use_embeddings': False, 'patience': 22}. Best is trial 1 with value: 10.0.
[I 2024-11-08 08:36:16,046] Trial 13 finished with value: 10.0 and parameters: {'abs_or_rel': 'abs', 'loss_type': 'L2', 'n_layers': 16, 'batch_size': 32, 'weight_decay_power': 2, 'lr_val': 0.0006, 'use_embeddings': True, 'embed_d': 30, 'patience': 10}. Best is trial 1 with value: 10.0.
[I 2024-11-08 08:47:43,602] Trial 14 finished with value: 10.0 and parameters: {'abs_or_rel': 'rel', 'loss_type': 'L2', 'n_layers': 9, 'batch_size': 32, 'weight_decay_power': 4, 'lr_val': 0.0002, 'use_embeddings': False, 'patience': 16}. Best is trial 1 with value: 10.0.
[I 2024-11-08 08:53:30,572] Trial 15 finished with value: 10.0 and parameters: {'abs_or_rel': 'abs', 'loss_type': 'H1', 'n_layers': 8, 'batch_size': 128, 'weight_decay_power': 3, 'lr_val': 8e-05, 'use_embeddings': False, 'patience': 21}. Best is trial 1 with value: 10.0.
[I 2024-11-08 09:01:07,104] Trial 16 finished with value: 10.0 and parameters: {'abs_or_rel': 'rel', 'loss_type': 'H1', 'n_layers': 12, 'batch_size': 256, 'weight_decay_power': 3, 'lr_val': 0.0006, 'use_embeddings': True, 'embed_d': 15, 'patience': 20}. Best is trial 1 with value: 10.0.
[I 2024-11-08 09:10:02,591] Trial 17 finished with value: 10.0 and parameters: {'abs_or_rel': 'abs', 'loss_type': 'L2', 'n_layers': 10, 'batch_size': 64, 'weight_decay_power': 3, 'lr_val': 0.0003, 'use_embeddings': False, 'patience': 21}. Best is trial 1 with value: 10.0.
[I 2024-11-08 09:15:48,456] Trial 18 finished with value: 10.0 and parameters: {'abs_or_rel': 'abs', 'loss_type': 'H1', 'n_layers': 8, 'batch_size': 128, 'weight_decay_power': 8, 'lr_val': 0.0002, 'use_embeddings': False, 'patience': 13}. Best is trial 1 with value: 10.0.
[I 2024-11-08 09:43:55,339] Trial 19 finished with value: 10.0 and parameters: {'abs_or_rel': 'rel', 'loss_type': 'H1', 'n_layers': 14, 'batch_size': 16, 'weight_decay_power': 7, 'lr_val': 0.0001, 'use_embeddings': False, 'patience': 22}. Best is trial 1 with value: 10.0.
[I 2024-11-08 09:51:56,677] Trial 20 finished with value: 10.0 and parameters: {'abs_or_rel': 'rel', 'loss_type': 'H1', 'n_layers': 9, 'batch_size': 64, 'weight_decay_power': 6, 'lr_val': 0.0003, 'use_embeddings': False, 'patience': 22}. Best is trial 1 with value: 10.0.
[I 2024-11-08 10:20:12,022] Trial 21 finished with value: 10.0 and parameters: {'abs_or_rel': 'abs', 'loss_type': 'H1', 'n_layers': 14, 'batch_size': 16, 'weight_decay_power': 6, 'lr_val': 0.0003, 'use_embeddings': True, 'embed_d': 15, 'patience': 18}. Best is trial 1 with value: 10.0.
[I 2024-11-08 10:27:41,535] Trial 22 finished with value: 10.0 and parameters: {'abs_or_rel': 'abs', 'loss_type': 'H1', 'n_layers': 10, 'batch_size': 128, 'weight_decay_power': 7, 'lr_val': 8e-05, 'use_embeddings': True, 'embed_d': 31, 'patience': 13}. Best is trial 1 with value: 10.0.
[I 2024-11-08 10:43:59,991] Trial 23 finished with value: 10.0 and parameters: {'abs_or_rel': 'abs', 'loss_type': 'L2', 'n_layers': 13, 'batch_size': 32, 'weight_decay_power': 3, 'lr_val': 0.0008, 'use_embeddings': False, 'patience': 10}. Best is trial 1 with value: 10.0.
[I 2024-11-08 10:53:23,971] Trial 24 finished with value: 10.0 and parameters: {'abs_or_rel': 'abs', 'loss_type': 'L2', 'n_layers': 13, 'batch_size': 128, 'weight_decay_power': 7, 'lr_val': 0.0001, 'use_embeddings': True, 'embed_d': 25, 'patience': 10}. Best is trial 1 with value: 10.0.
[I 2024-11-08 11:02:15,091] Trial 25 finished with value: 10.0 and parameters: {'abs_or_rel': 'abs', 'loss_type': 'L2', 'n_layers': 10, 'batch_size': 64, 'weight_decay_power': 4, 'lr_val': 0.0004, 'use_embeddings': False, 'patience': 23}. Best is trial 1 with value: 10.0.
[I 2024-11-08 11:20:56,589] Trial 26 finished with value: 10.0 and parameters: {'abs_or_rel': 'abs', 'loss_type': 'L2', 'n_layers': 15, 'batch_size': 32, 'weight_decay_power': 3, 'lr_val': 0.0008, 'use_embeddings': False, 'patience': 8}. Best is trial 1 with value: 10.0.
[I 2024-11-08 11:30:43,223] Trial 27 finished with value: 10.0 and parameters: {'abs_or_rel': 'abs', 'loss_type': 'H1', 'n_layers': 16, 'batch_size': 256, 'weight_decay_power': 8, 'lr_val': 0.0003, 'use_embeddings': True, 'embed_d': 6, 'patience': 15}. Best is trial 1 with value: 10.0.
[I 2024-11-08 11:39:51,517] Trial 28 finished with value: 10.0 and parameters: {'abs_or_rel': 'abs', 'loss_type': 'H1', 'n_layers': 15, 'batch_size': 256, 'weight_decay_power': 6, 'lr_val': 0.0008, 'use_embeddings': True, 'embed_d': 1, 'patience': 19}. Best is trial 1 with value: 10.0.
[I 2024-11-08 11:54:55,359] Trial 29 finished with value: 10.0 and parameters: {'abs_or_rel': 'rel', 'loss_type': 'L2', 'n_layers': 12, 'batch_size': 32, 'weight_decay_power': 2, 'lr_val': 0.0006, 'use_embeddings': False, 'patience': 16}. Best is trial 1 with value: 10.0.
[I 2024-11-08 12:11:11,878] Trial 30 finished with value: 10.0 and parameters: {'abs_or_rel': 'rel', 'loss_type': 'L2', 'n_layers': 13, 'batch_size': 32, 'weight_decay_power': 3, 'lr_val': 0.0008, 'use_embeddings': False, 'patience': 18}. Best is trial 1 with value: 10.0.
[I 2024-11-08 12:17:36,561] Trial 31 finished with value: 10.0 and parameters: {'abs_or_rel': 'rel', 'loss_type': 'L2', 'n_layers': 9, 'batch_size': 128, 'weight_decay_power': 8, 'lr_val': 0.0003, 'use_embeddings': False, 'patience': 16}. Best is trial 1 with value: 10.0.
[I 2024-11-08 12:25:33,555] Trial 32 finished with value: 10.0 and parameters: {'abs_or_rel': 'rel', 'loss_type': 'L2', 'n_layers': 13, 'batch_size': 256, 'weight_decay_power': 4, 'lr_val': 0.0008, 'use_embeddings': False, 'patience': 18}. Best is trial 1 with value: 10.0.
[I 2024-11-08 12:54:00,985] Trial 33 finished with value: 10.0 and parameters: {'abs_or_rel': 'rel', 'loss_type': 'L2', 'n_layers': 14, 'batch_size': 16, 'weight_decay_power': 2, 'lr_val': 0.0004, 'use_embeddings': True, 'embed_d': 30, 'patience': 16}. Best is trial 1 with value: 10.0.
[I 2024-11-08 13:04:08,815] Trial 34 finished with value: 10.0 and parameters: {'abs_or_rel': 'abs', 'loss_type': 'H1', 'n_layers': 16, 'batch_size': 256, 'weight_decay_power': 6, 'lr_val': 0.0004, 'use_embeddings': True, 'embed_d': 29, 'patience': 9}. Best is trial 1 with value: 10.0.
[I 2024-11-08 13:10:19,810] Trial 35 finished with value: 10.0 and parameters: {'abs_or_rel': 'abs', 'loss_type': 'L2', 'n_layers': 8, 'batch_size': 128, 'weight_decay_power': 7, 'lr_val': 0.0008, 'use_embeddings': True, 'embed_d': 31, 'patience': 22}. Best is trial 1 with value: 10.0.
[I 2024-11-08 13:21:25,861] Trial 36 finished with value: 10.0 and parameters: {'abs_or_rel': 'abs', 'loss_type': 'L2', 'n_layers': 16, 'batch_size': 128, 'weight_decay_power': 4, 'lr_val': 0.0002, 'use_embeddings': False, 'patience': 13}. Best is trial 1 with value: 10.0.
[I 2024-11-08 13:31:13,239] Trial 37 finished with value: 10.0 and parameters: {'abs_or_rel': 'abs', 'loss_type': 'H1', 'n_layers': 11, 'batch_size': 64, 'weight_decay_power': 7, 'lr_val': 0.0008, 'use_embeddings': True, 'embed_d': 7, 'patience': 9}. Best is trial 1 with value: 10.0.
[I 2024-11-08 13:40:38,367] Trial 38 finished with value: 10.0 and parameters: {'abs_or_rel': 'rel', 'loss_type': 'H1', 'n_layers': 13, 'batch_size': 128, 'weight_decay_power': 6, 'lr_val': 0.0008, 'use_embeddings': True, 'embed_d': 23, 'patience': 11}. Best is trial 1 with value: 10.0.
[I 2024-11-08 13:54:38,474] Trial 39 finished with value: 10.0 and parameters: {'abs_or_rel': 'rel', 'loss_type': 'L2', 'n_layers': 11, 'batch_size': 32, 'weight_decay_power': 2, 'lr_val': 0.0002, 'use_embeddings': True, 'embed_d': 11, 'patience': 12}. Best is trial 1 with value: 10.0.
[I 2024-11-08 14:05:28,996] Trial 40 finished with value: 10.0 and parameters: {'abs_or_rel': 'rel', 'loss_type': 'L2', 'n_layers': 15, 'batch_size': 128, 'weight_decay_power': 3, 'lr_val': 0.0008, 'use_embeddings': True, 'embed_d': 31, 'patience': 14}. Best is trial 1 with value: 10.0.
[I 2024-11-08 14:13:55,072] Trial 41 finished with value: 10.0 and parameters: {'abs_or_rel': 'abs', 'loss_type': 'L2', 'n_layers': 12, 'batch_size': 128, 'weight_decay_power': 6, 'lr_val': 0.0008, 'use_embeddings': False, 'patience': 13}. Best is trial 1 with value: 10.0.
[I 2024-11-08 14:23:53,173] Trial 42 finished with value: 10.0 and parameters: {'abs_or_rel': 'rel', 'loss_type': 'L2', 'n_layers': 16, 'batch_size': 256, 'weight_decay_power': 7, 'lr_val': 0.0004, 'use_embeddings': True, 'embed_d': 20, 'patience': 22}. Best is trial 1 with value: 10.0.
[I 2024-11-08 14:40:22,000] Trial 43 finished with value: 10.0 and parameters: {'abs_or_rel': 'rel', 'loss_type': 'H1', 'n_layers': 8, 'batch_size': 16, 'weight_decay_power': 7, 'lr_val': 0.0005, 'use_embeddings': True, 'embed_d': 4, 'patience': 15}. Best is trial 1 with value: 10.0.
[I 2024-11-08 14:51:03,003] Trial 44 finished with value: 10.0 and parameters: {'abs_or_rel': 'rel', 'loss_type': 'L2', 'n_layers': 12, 'batch_size': 64, 'weight_decay_power': 6, 'lr_val': 0.0002, 'use_embeddings': True, 'embed_d': 11, 'patience': 22}. Best is trial 1 with value: 10.0.
[I 2024-11-08 15:02:26,785] Trial 45 finished with value: 10.0 and parameters: {'abs_or_rel': 'abs', 'loss_type': 'L2', 'n_layers': 13, 'batch_size': 64, 'weight_decay_power': 2, 'lr_val': 0.0001, 'use_embeddings': False, 'patience': 13}. Best is trial 1 with value: 10.0.
[I 2024-11-08 15:13:21,233] Trial 46 finished with value: 10.0 and parameters: {'abs_or_rel': 'abs', 'loss_type': 'H1', 'n_layers': 12, 'batch_size': 64, 'weight_decay_power': 2, 'lr_val': 8e-05, 'use_embeddings': True, 'embed_d': 25, 'patience': 9}. Best is trial 1 with value: 10.0.
[I 2024-11-08 15:41:26,172] Trial 47 finished with value: 10.0 and parameters: {'abs_or_rel': 'abs', 'loss_type': 'L2', 'n_layers': 14, 'batch_size': 16, 'weight_decay_power': 5, 'lr_val': 0.0003, 'use_embeddings': False, 'patience': 18}. Best is trial 1 with value: 10.0.
[I 2024-11-08 16:07:33,999] Trial 48 finished with value: 10.0 and parameters: {'abs_or_rel': 'rel', 'loss_type': 'L2', 'n_layers': 13, 'batch_size': 16, 'weight_decay_power': 3, 'lr_val': 0.0001, 'use_embeddings': False, 'patience': 20}. Best is trial 1 with value: 10.0.
[I 2024-11-08 16:23:57,351] Trial 49 finished with value: 10.0 and parameters: {'abs_or_rel': 'abs', 'loss_type': 'H1', 'n_layers': 13, 'batch_size': 32, 'weight_decay_power': 3, 'lr_val': 0.0002, 'use_embeddings': True, 'embed_d': 8, 'patience': 17}. Best is trial 1 with value: 10.0.
[I 2024-11-08 16:32:49,865] Trial 50 finished with value: 10.0 and parameters: {'abs_or_rel': 'rel', 'loss_type': 'H1', 'n_layers': 10, 'batch_size': 64, 'weight_decay_power': 8, 'lr_val': 0.0003, 'use_embeddings': False, 'patience': 12}. Best is trial 1 with value: 10.0.

Best value: 10.0 (params: {'abs_or_rel': 'rel', 'loss_type': 'H1', 'n_layers': 14, 'batch_size': 64, 'weight_decay_power': 5, 'lr_val': 0.0007, 'use_embeddings': True, 'embed_d': 27, 'patience': 14})
